[cute-structure-149652.framer.app/index.html]
[backblue.gif]
[fade.gif]
[index.html]
[framerusercontent.com/images/q5if1T2O6vnH81YgMuYaWbZmWJs.png]
[framerusercontent.com/images/YvnrYhkE3KUnG69byma7dfABU.jpg]
[framerusercontent.com/images/d4S1iAuWFnSxMphl3r0Y5Nrp6rE.png]
[cute-structure-149652.framer.app/about.html]
[cute-structure-149652.framer.app/nl/index.html]
[cute-structure-149652.framer.app/updates.html]
[cute-structure-149652.framer.app/contact.html]
[framerusercontent.com/images/FZFOxVZdJLh3n4Hy4qiIACcrptY.jpg]
[framerusercontent.com/images/tBe6BWah8L5zxQu038QoGxvrrs.png]
[framerusercontent.com/images/JMmuvFjcK0khTagnqux1r0qbY1g.png]
[framerusercontent.com/images/42TGkCeaw00NSYsNelaVTuurkL4.png]
[framerusercontent.com/images/5hEZ00jEn6dOQMQbpZvNMoJKRc.png]
[cute-structure-149652.framer.app/project-details/rontor-copy.html]
[framerusercontent.com/images/Mgt20Apls2LFapYjeP844TkMFuk.jpg]
[cute-structure-149652.framer.app/project-details/polaroid.html]
[framerusercontent.com/images/IaV2zXZMNLg1rgJT5CXwgYUCYpc.jpg]
[cute-structure-149652.framer.app/project-details/rontor.html]
[framerusercontent.com/images/bTEeckM7KG9bl7vI6zRZuECqI4.jpg]
[cute-structure-149652.framer.app/project-details/luiro.html]
[framerusercontent.com/images/zbR8xMgMM4YJ7yoOtiZ5etMQKBM.jpg]
[cute-structure-149652.framer.app/index.html]
[cute-structure-149652.framer.app/nl/about.html]
[cute-structure-149652.framer.app/nl/updates.html]
[cute-structure-149652.framer.app/nl/contact.html]
[cute-structure-149652.framer.app/nl/project-details/rontor-copy.html]
[cute-structure-149652.framer.app/nl/project-details/polaroid.html]
[cute-structure-149652.framer.app/nl/project-details/rontor.html]
[cute-structure-149652.framer.app/nl/project-details/luiro.html]
[cute-structure-149652.framer.app/nl/index.html]
[framerusercontent.com/images/ClB17JasptEFydVFxoxrEYPo.jpg]
[framerusercontent.com/images/6OYa25BLFaPEcYRhL5v2JUKBrY.jpg]
[cute-structure-149652.framer.app/about.html]
[cute-structure-149652.framer.app/updates.html]
[framerusercontent.com/images/uy6sh7Mw8eKHu0PZHfslNBkg.jpg]
[cute-structure-149652.framer.app/contact.html]
[framerusercontent.com/images/vULzIqUIAPLrdxdPOrEjpPIdvh8.jpg]
[cute-structure-149652.framer.app/project-details/rontor-copy.html]
[cute-structure-149652.framer.app/project-details/polaroid.html]
[cute-structure-149652.framer.app/project-details/rontor.html]
[cute-structure-149652.framer.app/project-details/luiro.html]
[cute-structure-149652.framer.app/nl/about.html]
[cute-structure-149652.framer.app/nl/updates.html]
[cute-structure-149652.framer.app/nl/contact.html]
[cute-structure-149652.framer.app/nl/project-details/rontor-copy.html]
[cute-structure-149652.framer.app/nl/project-details/polaroid.html]
[cute-structure-149652.framer.app/nl/project-details/rontor.html]
[cute-structure-149652.framer.app/nl/project-details/luiro.html]
